<html>
<body>
<pre>
<h1>µVision Build Log</h1>
<h2>Tool Versions:</h2>
IDE-Version: µVision V5.21.1.0
Copyright (C) 2016 ARM Ltd and ARM Germany GmbH. All rights reserved.
License Information: Jure Knezovic, FER, LIC=----
 
Tool Versions:
Toolchain:       MDK-Lite  Version: 5.21a
Toolchain Path:  D:\Program Files\Keil\Keil_v5\ARM\ARMCC\Bin
C Compiler:      Armcc.exe V5.06 update 3 (build 300)
Assembler:       Armasm.exe V5.06 update 3 (build 300)
Linker/Locator:  ArmLink.exe V5.06 update 3 (build 300)
Library Manager: ArmAr.exe V5.06 update 3 (build 300)
Hex Converter:   FromElf.exe V5.06 update 3 (build 300)
CPU DLL:         SARM.DLL V5.21a
Dialog DLL:      DARMP.DLL V1.52.0.0
Target DLL:      UL2ARM.DLL V1.74.9.0
Dialog DLL:      TARMP.DLL V1.52.0.0
 
<h2>Project:</h2>
D:\Program Files\Keil\Keil_v5\ARM\Boards\Keil\MCB2103\Blinky\Blinky.uvproj
Project File Date:  11/13/2016

<h2>Output:</h2>
*** Using Compiler 'V5.06 update 3 (build 300)', folder: 'D:\Program Files\Keil\Keil_v5\ARM\ARMCC\Bin'
Rebuild target 'MCB2103 RAM'
assembling Startup.s...
compiling Blinky.c...
linking...
Program Size: Code=636 RO-data=16 RW-data=0 ZI-data=1160  
".\RAM\Blinky.axf" - 0 Error(s), 0 Warning(s).
Build Time Elapsed:  00:00:01
</pre>
</body>
</html>
