Component: ARM Compiler 5.06 update 3 (build 300) Tool: armlink [4d35c9]

==============================================================================

Section Cross References

    startup.o(RESET) refers to startup.o(STACK) for Stack_Top
    startup.o(RESET) refers to entry.o(.ARM.Collect$$$$00000000) for __main
    entry.o(.ARM.Collect$$$$00000000) refers (Special) to entry10a.o(.ARM.Collect$$$$0000000D) for __rt_final_cpp
    entry.o(.ARM.Collect$$$$00000000) refers (Special) to entry11a.o(.ARM.Collect$$$$0000000F) for __rt_final_exit
    entry.o(.ARM.Collect$$$$00000000) refers (Special) to entry7b.o(.ARM.Collect$$$$00000008) for _main_clock
    entry.o(.ARM.Collect$$$$00000000) refers (Special) to entry8b.o(.ARM.Collect$$$$0000000A) for _main_cpp_init
    entry.o(.ARM.Collect$$$$00000000) refers (Special) to entry9a.o(.ARM.Collect$$$$0000000B) for _main_init
    entry.o(.ARM.Collect$$$$00000000) refers (Special) to entry5.o(.ARM.Collect$$$$00000004) for _main_scatterload
    entry.o(.ARM.Collect$$$$00000000) refers (Special) to entry2.o(.ARM.Collect$$$$00000001) for _main_stk
    entry2.o(.ARM.Collect$$$$00000001) refers to entry2.o(.ARM.Collect$$$$00002712) for __lit__00000000
    entry2.o(.ARM.Collect$$$$00002712) refers to startup.o(STACK) for __initial_sp
    entry5.o(.ARM.Collect$$$$00000004) refers to init.o(.text) for __scatterload
    entry9a.o(.ARM.Collect$$$$0000000B) refers to blinky.o(.text) for main
    entry9b.o(.ARM.Collect$$$$0000000C) refers to blinky.o(.text) for main
    init.o(.text) refers to init.o(i.__ARM_common_call_via_r3) for __ARM_common_call_via_r3
    init.o(.text) refers to entry5.o(.ARM.Collect$$$$00000004) for __main_after_scatterload


==============================================================================

Removing Unused input sections from the image.

    Removing startup.o(HEAP), (0 bytes).

1 unused section(s) (total 0 bytes) removed from the image.

==============================================================================

Adding Veneers to the image

    Adding AT veneer (8 bytes, Inline) for call to '__scatterload' from entry5.o(.ARM.Collect$$$$00000004).
    Adding TA veneer (8 bytes, Short) for call to '__main_after_scatterload' from init.o(.text).

2 Veneer(s) (total 16 bytes) added to the image.

==============================================================================

Image Symbol Table

    Local Symbols

    Symbol Name                              Value     Ov Type        Size  Object(Section)

    ../clib/microlib/init/entry.s            0x00000000   Number         0  entry.o ABSOLUTE
    ../clib/microlib/init/entry.s            0x00000000   Number         0  entry9b.o ABSOLUTE
    ../clib/microlib/init/entry.s            0x00000000   Number         0  entry9a.o ABSOLUTE
    ../clib/microlib/init/entry.s            0x00000000   Number         0  entry2.o ABSOLUTE
    ../clib/microlib/init/entry.s            0x00000000   Number         0  entry8b.o ABSOLUTE
    ../clib/microlib/init/entry.s            0x00000000   Number         0  entry8a.o ABSOLUTE
    ../clib/microlib/init/entry.s            0x00000000   Number         0  entry7b.o ABSOLUTE
    ../clib/microlib/init/entry.s            0x00000000   Number         0  entry7a.o ABSOLUTE
    ../clib/microlib/init/entry.s            0x00000000   Number         0  entry5.o ABSOLUTE
    ../clib/microlib/init/entry.s            0x00000000   Number         0  entry11b.o ABSOLUTE
    ../clib/microlib/init/entry.s            0x00000000   Number         0  entry11a.o ABSOLUTE
    ../clib/microlib/init/entry.s            0x00000000   Number         0  entry10b.o ABSOLUTE
    ../clib/microlib/init/entry.s            0x00000000   Number         0  entry10a.o ABSOLUTE
    Blinky.c                                 0x00000000   Number         0  blinky.o ABSOLUTE
    Startup.s                                0x00000000   Number         0  startup.o ABSOLUTE
    dc.s                                     0x00000000   Number         0  dc.o ABSOLUTE
    handlers.s                               0x00000000   Number         0  handlers.o ABSOLUTE
    init.s                                   0x00000000   Number         0  init.o ABSOLUTE
    RESET                                    0x40000000   Section      264  startup.o(RESET)
    Undef_Handler                            0x40000040   ARM Code       4  startup.o(RESET)
    SWI_Handler                              0x40000044   ARM Code       4  startup.o(RESET)
    PAbt_Handler                             0x40000048   ARM Code       4  startup.o(RESET)
    DAbt_Handler                             0x4000004c   ARM Code       4  startup.o(RESET)
    IRQ_Handler                              0x40000050   ARM Code       4  startup.o(RESET)
    FIQ_Handler                              0x40000054   ARM Code       4  startup.o(RESET)
    .ARM.Collect$$$$00000000                 0x40000108   Section        0  entry.o(.ARM.Collect$$$$00000000)
    .ARM.Collect$$$$00000001                 0x40000108   Section        4  entry2.o(.ARM.Collect$$$$00000001)
    .ARM.Collect$$$$00000004                 0x4000010c   Section        4  entry5.o(.ARM.Collect$$$$00000004)
    .ARM.Collect$$$$00000008                 0x40000110   Section        0  entry7b.o(.ARM.Collect$$$$00000008)
    .ARM.Collect$$$$0000000A                 0x40000110   Section        0  entry8b.o(.ARM.Collect$$$$0000000A)
    .ARM.Collect$$$$0000000B                 0x40000110   Section       12  entry9a.o(.ARM.Collect$$$$0000000B)
    .ARM.Collect$$$$0000000D                 0x4000011c   Section        0  entry10a.o(.ARM.Collect$$$$0000000D)
    .ARM.Collect$$$$0000000F                 0x4000011c   Section        0  entry11a.o(.ARM.Collect$$$$0000000F)
    .ARM.Collect$$$$00002712                 0x4000011c   Section        4  entry2.o(.ARM.Collect$$$$00002712)
    __lit__00000000                          0x4000011c   Data           4  entry2.o(.ARM.Collect$$$$00002712)
    .text                                    0x40000120   Section        0  blinky.o(.text)
    delay                                    0x40000120   ARM Code      84  blinky.o(.text)
    init_pins                                0x40000174   ARM Code      40  blinky.o(.text)
    .text                                    0x40000218   Section       32  init.o(.text)
    i.__ARM_common_call_via_r3               0x40000240   Section        2  init.o(i.__ARM_common_call_via_r3)
    i.__scatterload_copy                     0x40000244   Section       28  handlers.o(i.__scatterload_copy)
    i.__scatterload_null                     0x40000260   Section        4  handlers.o(i.__scatterload_null)
    i.__scatterload_zeroinit                 0x40000264   Section       24  handlers.o(i.__scatterload_zeroinit)
    STACK                                    0x40001000   Section     1160  startup.o(STACK)
    Stack_Top                                0x40001488   Data           0  startup.o(STACK)

    Global Symbols

    Symbol Name                              Value     Ov Type        Size  Object(Section)

    BuildAttributes$$THM_ISAv1$ARM_ISAv4$S$PE$A:L22$X:L11$S22$IEEE1$IW$USESV6$~STKCKD$USESV7$~SHL$OSPACE$EBA8$MICROLIB$REQ8$EABIv2 0x00000000   Number         0  anon$$obj.o ABSOLUTE
    __ARM_use_no_argv                        0x00000000   Number         0  blinky.o ABSOLUTE
    __cpp_initialize__aeabi_                  - Undefined Weak Reference
    __cxa_finalize                            - Undefined Weak Reference
    __decompress                              - Undefined Weak Reference
    _clock_init                               - Undefined Weak Reference
    _microlib_exit                            - Undefined Weak Reference
    Reset_Handler                            0x40000058   ARM Code       0  startup.o(RESET)
    __main                                   0x40000108   ARM Code       0  entry.o(.ARM.Collect$$$$00000000)
    _main_stk                                0x40000108   ARM Code       0  entry2.o(.ARM.Collect$$$$00000001)
    _main_scatterload                        0x4000010c   ARM Code       0  entry5.o(.ARM.Collect$$$$00000004)
    __main_after_scatterload                 0x40000110   ARM Code       0  entry5.o(.ARM.Collect$$$$00000004)
    _main_clock                              0x40000110   ARM Code       0  entry7b.o(.ARM.Collect$$$$00000008)
    _main_cpp_init                           0x40000110   ARM Code       0  entry8b.o(.ARM.Collect$$$$0000000A)
    _main_init                               0x40000110   ARM Code       0  entry9a.o(.ARM.Collect$$$$0000000B)
    __rt_final_cpp                           0x4000011c   ARM Code       0  entry10a.o(.ARM.Collect$$$$0000000D)
    __rt_final_exit                          0x4000011c   ARM Code       0  entry11a.o(.ARM.Collect$$$$0000000F)
    main                                     0x4000019c   ARM Code     112  blinky.o(.text)
    Inline ARM to Thumb Veneer to __scatterload 0x40000210   ARM Code       8  init.o(.text)
    __scatterload                            0x40000219   Thumb Code    24  init.o(.text)
    __scatterload_rt2                        0x40000219   Thumb Code     0  init.o(.text)
    Short Thumb to ARM Veneer to __main_after_scatterload 0x40000239   Thumb Code     8  anon$$obj.o(Veneer$$Code)
    __ARM_common_call_via_r3                 0x40000241   Thumb Code     2  init.o(i.__ARM_common_call_via_r3)
    __scatterload_copy                       0x40000244   ARM Code      28  handlers.o(i.__scatterload_copy)
    __scatterload_null                       0x40000260   ARM Code       4  handlers.o(i.__scatterload_null)
    __scatterload_zeroinit                   0x40000264   ARM Code      24  handlers.o(i.__scatterload_zeroinit)
    Region$$Table$$Base                      0x4000027c   Number         0  anon$$obj.o(Region$$Table)
    Region$$Table$$Limit                     0x4000028c   Number         0  anon$$obj.o(Region$$Table)
    __initial_sp                             0x40001400   Data         136  startup.o(STACK)



==============================================================================

Memory Map of the image

  Image Entry point : 0x40000108

  Load Region LR_IROM1 (Base: 0x40000000, Size: 0x0000028c, Max: 0x00001000, ABSOLUTE)

    Execution Region ER_IROM1 (Base: 0x40000000, Size: 0x0000028c, Max: 0x00001000, ABSOLUTE)

    Base Addr    Size         Type   Attr      Idx    E Section Name        Object

    0x40000000   0x00000108   Code   RO            3    RESET               startup.o
    0x40000108   0x00000000   Code   RO           28  * .ARM.Collect$$$$00000000  mc_t.l(entry.o)
    0x40000108   0x00000004   Code   RO           31    .ARM.Collect$$$$00000001  mc_t.l(entry2.o)
    0x4000010c   0x00000004   Code   RO           33    .ARM.Collect$$$$00000004  mc_t.l(entry5.o)
    0x40000110   0x00000000   Code   RO           35    .ARM.Collect$$$$00000008  mc_t.l(entry7b.o)
    0x40000110   0x00000000   Code   RO           37    .ARM.Collect$$$$0000000A  mc_t.l(entry8b.o)
    0x40000110   0x0000000c   Code   RO           38    .ARM.Collect$$$$0000000B  mc_t.l(entry9a.o)
    0x4000011c   0x00000000   Code   RO           40    .ARM.Collect$$$$0000000D  mc_t.l(entry10a.o)
    0x4000011c   0x00000000   Code   RO           42    .ARM.Collect$$$$0000000F  mc_t.l(entry11a.o)
    0x4000011c   0x00000004   Code   RO           32    .ARM.Collect$$$$00002712  mc_t.l(entry2.o)
    0x40000120   0x000000f0   Code   RO            8    .text               blinky.o
    0x40000210   0x00000008   Ven    RO           44    .text               mc_t.l(init.o)
    0x40000218   0x00000020   Code   RO           44    .text               mc_t.l(init.o)
    0x40000238   0x00000008   Ven    RO           57    Veneer$$Code        anon$$obj.o
    0x40000240   0x00000002   Code   RO           46    i.__ARM_common_call_via_r3  mc_t.l(init.o)
    0x40000242   0x00000002   PAD
    0x40000244   0x0000001c   Code   RO           50    i.__scatterload_copy  mc_t.l(handlers.o)
    0x40000260   0x00000004   Code   RO           51    i.__scatterload_null  mc_t.l(handlers.o)
    0x40000264   0x00000018   Code   RO           52    i.__scatterload_zeroinit  mc_t.l(handlers.o)
    0x4000027c   0x00000010   Data   RO           48    Region$$Table       anon$$obj.o


    Execution Region RW_IRAM1 (Base: 0x40001000, Size: 0x00000488, Max: 0x00001000, ABSOLUTE)

    Base Addr    Size         Type   Attr      Idx    E Section Name        Object

    0x40001000   0x00000488   Zero   RW            1    STACK               startup.o


==============================================================================

Image component sizes


      Code (inc. data)   RO Data    RW Data    ZI Data      Debug   Object Name

       240          4          0          0          0       2191   blinky.o
       264         48          0          0       1160        340   startup.o

    ----------------------------------------------------------------------
       512         52         16          0       1160       2531   Object Totals
         8          0         16          0          0          0   (incl. Generated)
         0          0          0          0          0          0   (incl. Padding)

    ----------------------------------------------------------------------

      Code (inc. data)   RO Data    RW Data    ZI Data      Debug   Library Member Name

         0          0          0          0          0          0   entry.o
         0          0          0          0          0          0   entry10a.o
         0          0          0          0          0          0   entry11a.o
         8          4          0          0          0          0   entry2.o
         4          0          0          0          0          0   entry5.o
         0          0          0          0          0          0   entry7b.o
         0          0          0          0          0          0   entry8b.o
        12          4          0          0          0          0   entry9a.o
        56          0          0          0          0          0   handlers.o
        42          8          0          0          0        136   init.o

    ----------------------------------------------------------------------
       124         16          0          0          0        136   Library Totals
         2          0          0          0          0          0   (incl. Padding)

    ----------------------------------------------------------------------

      Code (inc. data)   RO Data    RW Data    ZI Data      Debug   Library Name

       122         16          0          0          0        136   mc_t.l

    ----------------------------------------------------------------------
       124         16          0          0          0        136   Library Totals

    ----------------------------------------------------------------------

==============================================================================


      Code (inc. data)   RO Data    RW Data    ZI Data      Debug   

       636         68         16          0       1160       2819   Grand Totals
       636         68         16          0       1160       2819   ELF Image Totals
       636         68         16          0          0          0   ROM Totals

==============================================================================

    Total RO  Size (Code + RO Data)                  652 (   0.64kB)
    Total RW  Size (RW Data + ZI Data)              1160 (   1.13kB)
    Total ROM Size (Code + RO Data + RW Data)        652 (   0.64kB)

==============================================================================

