<html>
<body>
<pre>
<h1>µVision Build Log</h1>
<h2>Project:</h2>
D:\Users\j_kne\Desktop\Projekt\My\Prekidni\Blinky.uvproj
Project File Date:  01/18/2017

<h2>Output:</h2>
Build target 'MCB2100 Flash'
linking...
Program Size: Code=892 RO-data=32 RW-data=8 ZI-data=1160  
".\Flash\Blinky.axf" - 0 Error(s), 0 Warning(s).
Load "D:\\Users\\j_kne\\Desktop\\Projekt\\My\\Prekidni\\Flash\\Blinky.axf" 
Error: Flash Download failed  -  Target DLL has been cancelled
Load "D:\\Users\\j_kne\\Desktop\\Projekt\\My\\Prekidni\\Flash\\Blinky.axf" 
Error: Flash Download failed  -  Target DLL has been cancelled
Load "D:\\Users\\j_kne\\Desktop\\Projekt\\My\\Prekidni\\Flash\\Blinky.axf" 
Error: Flash Download failed  -  Target DLL has been cancelled
</pre>
</body>
</html>
s been cancelled
Error: Flash Erase failed  -  Target DLL has been cancelled
