<html>
<body>
<pre>
<h1>µVision Build Log</h1>
<h2>Project:</h2>
D:\Users\j_kne\Desktop\Projekt\My\BezPrekida\Blinky.uvproj
Project File Date:  01/17/2017

<h2>Output:</h2>
Build target 'MCB2103 Flash'
linking...
Program Size: Code=976 RO-data=16 RW-data=0 ZI-data=1160  
".\Flash\Blinky.axf" - 0 Error(s), 0 Warning(s).
Load "D:\\Users\\j_kne\\Desktop\\Projekt\\My\\BezPrekida\\Flash\\Blinky.axf" 
Error: Flash Download failed  -  Target DLL has been cancelled
Load "D:\\Users\\j_kne\\Desktop\\Projekt\\My\\BezPrekida\\Flash\\Blinky.axf" 
Erase Done.
Programming Done.
Verify OK.
Full Chip Erase Done.
Load "D:\\Users\\j_kne\\Desktop\\Projekt\\My\\BezPrekida\\Flash\\Blinky.axf" 
Erase Done.
Programming Done.
Verify OK.
</pre>
</body>
</html>
