<html>
<body>
<pre>
<h1>µVision Build Log</h1>
<h2>Project:</h2>
D:\Users\j_kne\Desktop\Zavrsni\Github\JureKnezovic\board\Relay.uvproj
Project File Date:  04/10/2017

<h2>Output:</h2>
Build target 'Target 1'
compiling Relay.c...
linking...
Program Size: Code=3388 RO-data=304 RW-data=40 ZI-data=1288  
FromELF: creating hex file...
".\Relay.axf" - 0 Error(s), 0 Warning(s).
Load "D:\\Users\\j_kne\\Desktop\\Zavrsni\\Github\\JureKnezovic\\board\\Relay.axf" 
Internal DLL Error
Error: Flash Download failed  -  Target DLL has been cancelled
