<html>
<body>
<pre>
<h1>µVision Build Log</h1>
<h2>Project:</h2>
C:\Users\Mate\Documents\FER\Zavrsni rad\BlueBlinky\uVision\Blinky.uvproj
Project File Date:  05/09/2016

<h2>Output:</h2>
Build target 'MCB2103 Flash'
assembling Startup.s...
compiling Retarget.c...
compiling Serial.c...
compiling Blinky.c...
linking...
Program Size: Code=1024 RO-data=16 RW-data=0 ZI-data=1160  
FromELF: creating hex file...
".\Flash\Blinky.axf" - 0 Error(s), 0 Warning(s).
Clean started: Project: 'Blinky'
   deleting intermediate output files for target 'Simulator'
   deleting intermediate output files for target 'MCB2103 Flash'
   deleting intermediate output files for target 'MCB2103 RAM'
</pre>
</body>
</html>
