<html>
<body>
<pre>
<h1>µVision Build Log</h1>
<h2>Project:</h2>
D:\Users\josipk\JOSIPK\Projects\FER\BlueBlinky\uVision\Blinky.uvproj
Project File Date:  05/04/2016

<h2>Output:</h2>
</pre>
</body>
</html>
ash'
assembling Startup.s...
compiling Retarget.c...
compiling Serial.c...
compiling Blinky.c...
linking...
Program Size: Code=1096 RO-data=16 RW-data=0 ZI-data=1160  
FromELF: creating hex file...
".\Flash\Blinky.axf" - 0 Error(s), 0 Warning(s).
Load "D:\\Users\\josipk\\JOSIPK\\Projects\\FER\\BlueBlinky\\uVision\\Flash\\Blinky.axf" 
Erase Done.
Programming Done.
Verify OK.
Load "D:\\Users\\josipk\\JOSIPK\\Projects\\FER\\BlueBlinky\\uVision\\Flash\\Blinky.axf" 
Erase Done.
Programming Done.
Verify OK.
</pre>
</body>
</html>
